/bin/bash: : No such file or directory
hello, Bshall!
Submitted batch job 1453491
hello, Bshall!
Submitted batch job 1453786
hello, Bshall!
Submitted batch job 1459247
hello, Bshall!
Submitted batch job 1459267
hello, Bshall!
Submitted batch job 1459371
hello, Bshall!
Submitted batch job 1459474
hello, Bshall!
Submitted batch job 1459881
hello, Bshall!
Submitted batch job 1459898
hello, Bshall!
Submitted batch job 1459923
hello, Bshall!
Submitted batch job 1459953
hello, Bshall!
Submitted batch job 1459979
hello, Bshall!
Submitted batch job 1459986
hello, Bshall!
Submitted batch job 1459995
hello, Bshall!
Submitted batch job 1460010
hello, Bshall!
Submitted batch job 1460062
hello, Bshall!
Submitted batch job 1460073
hello, Bshall!
Submitted batch job 1460122
hello, Bshall!
Submitted batch job 1460172
hello, Bshall!
Submitted batch job 1460194
hello, Bshall!
Submitted batch job 1460214
hello, Bshall!
Submitted batch job 1460233
hello, Bshall!
Submitted batch job 1460293
hello, Bshall!
sbatch: error: Unable to open file run_wrf.cmd
hello, Bshall!
sbatch: error: Unable to open file run_wrf.cmd
hello, Bshall!
Submitted batch job 1460464
hello, Bshall!
Submitted batch job 1460466
hello, Bshall!
Submitted batch job 1460515
hello, Bshall!
Submitted batch job 1460521
hello, Bshall!
Submitted batch job 1460529
hello, Bshall!
Submitted batch job 1460735
hello, Bshall!
Submitted batch job 1460867
hello, Bshall!
Submitted batch job 1460879
hello, Bshall!
Submitted batch job 1461379
hello, Bshall!
Submitted batch job 1461380
hello, Bshall!
Submitted batch job 1461381
hello, Bshall!
Submitted batch job 1461384
hello, Bshall!
Submitted batch job 1461390
hello, Bshall!
Submitted batch job 1461393
hello, Bshall!
Submitted batch job 1461394
hello, Bshall!
Submitted batch job 1461475
hello, Bshall!
Submitted batch job 1461476
hello, Bshall!
Submitted batch job 1461517
hello, Bshall!
Submitted batch job 1461758
hello, Bshall!
Submitted batch job 1464774
hello, Bshall!
Submitted batch job 1464778
hello, Bshall!
Submitted batch job 1464780
hello, Bshall!
Submitted batch job 1464841
